Archive member included to satisfy reference by file (symbol)

/opt/st/stm32cubeide_1.19.0/plugins/com.st.stm32cube.ide.mcu.externaltools.gnu-tools-for-stm32.13.3.rel1.linux64_1.0.0.202410170706/tools/bin/../lib/gcc/arm-none-eabi/13.3.1/../../../../arm-none-eabi/lib/thumb/v7e-m+fp/hard/libc_nano.a(libc_a-exit.o)
                              /opt/st/stm32cubeide_1.19.0/plugins/com.st.stm32cube.ide.mcu.externaltools.gnu-tools-for-stm32.13.3.rel1.linux64_1.0.0.202410170706/tools/bin/../lib/gcc/arm-none-eabi/13.3.1/../../../../arm-none-eabi/lib/thumb/v7e-m+fp/hard/crt0.o (exit)
/opt/st/stm32cubeide_1.19.0/plugins/com.st.stm32cube.ide.mcu.externaltools.gnu-tools-for-stm32.13.3.rel1.linux64_1.0.0.202410170706/tools/bin/../lib/gcc/arm-none-eabi/13.3.1/../../../../arm-none-eabi/lib/thumb/v7e-m+fp/hard/libc_nano.a(libc_a-findfp.o)
                              /opt/st/stm32cubeide_1.19.0/plugins/com.st.stm32cube.ide.mcu.externaltools.gnu-tools-for-stm32.13.3.rel1.linux64_1.0.0.202410170706/tools/bin/../lib/gcc/arm-none-eabi/13.3.1/../../../../arm-none-eabi/lib/thumb/v7e-m+fp/hard/libc_nano.a(libc_a-exit.o) (__stdio_exit_handler)
/opt/st/stm32cubeide_1.19.0/plugins/com.st.stm32cube.ide.mcu.externaltools.gnu-tools-for-stm32.13.3.rel1.linux64_1.0.0.202410170706/tools/bin/../lib/gcc/arm-none-eabi/13.3.1/../../../../arm-none-eabi/lib/thumb/v7e-m+fp/hard/libc_nano.a(libc_a-fwalk.o)
                              /opt/st/stm32cubeide_1.19.0/plugins/com.st.stm32cube.ide.mcu.externaltools.gnu-tools-for-stm32.13.3.rel1.linux64_1.0.0.202410170706/tools/bin/../lib/gcc/arm-none-eabi/13.3.1/../../../../arm-none-eabi/lib/thumb/v7e-m+fp/hard/libc_nano.a(libc_a-findfp.o) (_fwalk_sglue)
/opt/st/stm32cubeide_1.19.0/plugins/com.st.stm32cube.ide.mcu.externaltools.gnu-tools-for-stm32.13.3.rel1.linux64_1.0.0.202410170706/tools/bin/../lib/gcc/arm-none-eabi/13.3.1/../../../../arm-none-eabi/lib/thumb/v7e-m+fp/hard/libc_nano.a(libc_a-stdio.o)
                              /opt/st/stm32cubeide_1.19.0/plugins/com.st.stm32cube.ide.mcu.externaltools.gnu-tools-for-stm32.13.3.rel1.linux64_1.0.0.202410170706/tools/bin/../lib/gcc/arm-none-eabi/13.3.1/../../../../arm-none-eabi/lib/thumb/v7e-m+fp/hard/libc_nano.a(libc_a-findfp.o) (__sread)
/opt/st/stm32cubeide_1.19.0/plugins/com.st.stm32cube.ide.mcu.externaltools.gnu-tools-for-stm32.13.3.rel1.linux64_1.0.0.202410170706/tools/bin/../lib/gcc/arm-none-eabi/13.3.1/../../../../arm-none-eabi/lib/thumb/v7e-m+fp/hard/libc_nano.a(libc_a-memset.o)
                              /opt/st/stm32cubeide_1.19.0/plugins/com.st.stm32cube.ide.mcu.externaltools.gnu-tools-for-stm32.13.3.rel1.linux64_1.0.0.202410170706/tools/bin/../lib/gcc/arm-none-eabi/13.3.1/../../../../arm-none-eabi/lib/thumb/v7e-m+fp/hard/crt0.o (memset)
/opt/st/stm32cubeide_1.19.0/plugins/com.st.stm32cube.ide.mcu.externaltools.gnu-tools-for-stm32.13.3.rel1.linux64_1.0.0.202410170706/tools/bin/../lib/gcc/arm-none-eabi/13.3.1/../../../../arm-none-eabi/lib/thumb/v7e-m+fp/hard/libc_nano.a(libc_a-closer.o)
                              /opt/st/stm32cubeide_1.19.0/plugins/com.st.stm32cube.ide.mcu.externaltools.gnu-tools-for-stm32.13.3.rel1.linux64_1.0.0.202410170706/tools/bin/../lib/gcc/arm-none-eabi/13.3.1/../../../../arm-none-eabi/lib/thumb/v7e-m+fp/hard/libc_nano.a(libc_a-stdio.o) (_close_r)
/opt/st/stm32cubeide_1.19.0/plugins/com.st.stm32cube.ide.mcu.externaltools.gnu-tools-for-stm32.13.3.rel1.linux64_1.0.0.202410170706/tools/bin/../lib/gcc/arm-none-eabi/13.3.1/../../../../arm-none-eabi/lib/thumb/v7e-m+fp/hard/libc_nano.a(libc_a-reent.o)
                              /opt/st/stm32cubeide_1.19.0/plugins/com.st.stm32cube.ide.mcu.externaltools.gnu-tools-for-stm32.13.3.rel1.linux64_1.0.0.202410170706/tools/bin/../lib/gcc/arm-none-eabi/13.3.1/../../../../arm-none-eabi/lib/thumb/v7e-m+fp/hard/libc_nano.a(libc_a-closer.o) (errno)
/opt/st/stm32cubeide_1.19.0/plugins/com.st.stm32cube.ide.mcu.externaltools.gnu-tools-for-stm32.13.3.rel1.linux64_1.0.0.202410170706/tools/bin/../lib/gcc/arm-none-eabi/13.3.1/../../../../arm-none-eabi/lib/thumb/v7e-m+fp/hard/libc_nano.a(libc_a-impure.o)
                              /opt/st/stm32cubeide_1.19.0/plugins/com.st.stm32cube.ide.mcu.externaltools.gnu-tools-for-stm32.13.3.rel1.linux64_1.0.0.202410170706/tools/bin/../lib/gcc/arm-none-eabi/13.3.1/../../../../arm-none-eabi/lib/thumb/v7e-m+fp/hard/libc_nano.a(libc_a-reent.o) (_impure_ptr)
/opt/st/stm32cubeide_1.19.0/plugins/com.st.stm32cube.ide.mcu.externaltools.gnu-tools-for-stm32.13.3.rel1.linux64_1.0.0.202410170706/tools/bin/../lib/gcc/arm-none-eabi/13.3.1/../../../../arm-none-eabi/lib/thumb/v7e-m+fp/hard/libc_nano.a(libc_a-lseekr.o)
                              /opt/st/stm32cubeide_1.19.0/plugins/com.st.stm32cube.ide.mcu.externaltools.gnu-tools-for-stm32.13.3.rel1.linux64_1.0.0.202410170706/tools/bin/../lib/gcc/arm-none-eabi/13.3.1/../../../../arm-none-eabi/lib/thumb/v7e-m+fp/hard/libc_nano.a(libc_a-stdio.o) (_lseek_r)
[...]
Memory Configuration

Name             Origin             Length             Attributes
RAM              0x20000000         0x00020000         xrw
FLASH            0x08000000         0x00080000         xr
*default*        0x00000000         0xffffffff

Linker script and memory map

LOAD /opt/st/stm32cubeide_1.19.0/plugins/com.st.stm32cube.ide.mcu.externaltools.gnu-tools-for-stm32.13.3.rel1.linux64_1.0.0.202410170706/tools/bin/../lib/gcc/arm-none-eabi/13.3.1/thumb/v7e-m+fp/hard/crti.o
LOAD /opt/st/stm32cubeide_1.19.0/plugins/com.st.stm32cube.ide.mcu.externaltools.gnu-tools-for-stm32.13.3.rel1.linux64_1.0.0.202410170706/tools/bin/../lib/gcc/arm-none-eabi/13.3.1/thumb/v7e-m+fp/hard/crtbegin.o
LOAD /opt/st/stm32cubeide_1.19.0/plugins/com.st.stm32cube.ide.mcu.externaltools.gnu-tools-for-stm32.13.3.rel1.linux64_1.0.0.202410170706/tools/bin/../lib/gcc/arm-none-eabi/13.3.1/../../../../arm-none-eabi/lib/thumb/v7e-m+fp/hard/crt0.o
LOAD ./Core/Src/i2c_slave.o
LOAD ./Core/Src/keyboard.o
LOAD ./Core/Src/main.o
LOAD ./Core/Src/stm32f4xx_hal_msp.o
LOAD ./Core/Src/stm32f4xx_it.o
LOAD ./Core/Src/syscalls.o
LOAD ./Core/Src/sysmem.o
LOAD ./Core/Src/system_stm32f4xx.o
LOAD ./Core/Startup/startup_stm32f411ceux.o
LOAD ./Drivers/STM32F4xx_HAL_Driver/Src/stm32f4xx_hal.o
LOAD ./Drivers/STM32F4xx_HAL_Driver/Src/stm32f4xx_hal_cortex.o
LOAD ./Drivers/STM32F4xx_HAL_Driver/Src/stm32f4xx_hal_dma.o
LOAD ./Drivers/STM32F4xx_HAL_Driver/Src/stm32f4xx_hal_dma_ex.o
LOAD ./Drivers/STM32F4xx_HAL_Driver/Src/stm32f4xx_hal_exti.o
LOAD ./Drivers/STM32F4xx_HAL_Driver/Src/stm32f4xx_hal_flash.o
LOAD ./Drivers/STM32F4xx_HAL_Driver/Src/stm32f4xx_hal_flash_ex.o
LOAD ./Drivers/STM32F4xx_HAL_Driver/Src/stm32f4xx_hal_flash_ramfunc.o
LOAD ./Drivers/STM32F4xx_HAL_Driver/Src/stm32f4xx_hal_gpio.o
LOAD ./Drivers/STM32F4xx_HAL_Driver/Src/stm32f4xx_hal_i2c.o
LOAD ./Drivers/STM32F4xx_HAL_Driver/Src/stm32f4xx_hal_i2c_ex.o
LOAD ./Drivers/STM32F4xx_HAL_Driver/Src/stm32f4xx_hal_pwr.o
LOAD ./Drivers/STM32F4xx_HAL_Driver/Src/stm32f4xx_hal_pwr_ex.o
LOAD ./Drivers/STM32F4xx_HAL_Driver/Src/stm32f4xx_hal_rcc.o
LOAD ./Drivers/STM32F4xx_HAL_Driver/Src/stm32f4xx_hal_rcc_ex.o
START GROUP
LOAD /opt/st/stm32cubeide_1.19.0/plugins/com.st.stm32cube.ide.mcu.externaltools.gnu-tools-for-stm32.13.3.rel1.linux64_1.0.0.202410170706/tools/bin/../lib/gcc/arm-none-eabi/13.3.1/../../../../arm-none-eabi/lib/thumb/v7e-m+fp/hard/libc_nano.a
LOAD /opt/st/stm32cubeide_1.19.0/plugins/com.st.stm32cube.ide.mcu.externaltools.gnu-tools-for-stm32.13.3.rel1.linux64_1.0.0.202410170706/tools/bin/../lib/gcc/arm-none-eabi/13.3.1/../../../../arm-none-eabi/lib/thumb/v7e-m+fp/hard/libm.a
END GROUP
START GROUP
LOAD /opt/st/stm32cubeide_1.19.0/plugins/com.st.stm32cube.ide.mcu.externaltools.gnu-tools-for-stm32.13.3.rel1.linux64_1.0.0.202410170706/tools/bin/../lib/gcc/arm-none-eabi/13.3.1/thumb/v7e-m+fp/hard/libgcc.a
LOAD /opt/st/stm32cubeide_1.19.0/plugins/com.st.stm32cube.ide.mcu.externaltools.gnu-tools-for-stm32.13.3.rel1.linux64_1.0.0.202410170706/tools/bin/../lib/gcc/arm-none-eabi/13.3.1/../../../../arm-none-eabi/lib/thumb/v7e-m+fp/hard/libc_nano.a
END GROUP
START GROUP
LOAD /opt/st/stm32cubeide_1.19.0/plugins/com.st.stm32cube.ide.mcu.externaltools.gnu-tools-for-stm32.13.3.rel1.linux64_1.0.0.202410170706/tools/bin/../lib/gcc/arm-none-eabi/13.3.1/thumb/v7e-m+fp/hard/libgcc.a
LOAD /opt/st/stm32cubeide_1.19.0/plugins/com.st.stm32cube.ide.mcu.externaltools.gnu-tools-for-stm32.13.3.rel1.linux64_1.0.0.202410170706/tools/bin/../lib/gcc/arm-none-eabi/13.3.1/../../../../arm-none-eabi/lib/thumb/v7e-m+fp/hard/libc_nano.a
LOAD /opt/st/stm32cubeide_1.19.0/plugins/com.st.stm32cube.ide.mcu.externaltools.gnu-tools-for-stm32.13.3.rel1.linux64_1.0.0.202410170706/tools/bin/../lib/gcc/arm-none-eabi/13.3.1/../../../../arm-none-eabi/lib/thumb/v7e-m+fp/hard/libnosys.a
END GROUP
START GROUP
LOAD /opt/st/stm32cubeide_1.19.0/plugins/com.st.stm32cube.ide.mcu.externaltools.gnu-tools-for-stm32.13.3.rel1.linux64_1.0.0.202410170706/tools/bin/../lib/gcc/arm-none-eabi/13.3.1/thumb/v7e-m+fp/hard/libgcc.a
LOAD /opt/st/stm32cubeide_1.19.0/plugins/com.st.stm32cube.ide.mcu.externaltools.gnu-tools-for-stm32.13.3.rel1.linux64_1.0.0.202410170706/tools/bin/../lib/gcc/arm-none-eabi/13.3.1/../../../../arm-none-eabi/lib/thumb/v7e-m+fp/hard/libc_nano.a
LOAD /opt/st/stm32cubeide_1.19.0/plugins/com.st.stm32cube.ide.mcu.externaltools.gnu-tools-for-stm32.13.3.rel1.linux64_1.0.0.202410170706/tools/bin/../lib/gcc/arm-none-eabi/13.3.1/../../../../arm-none-eabi/lib/thumb/v7e-m+fp/hard/libnosys.a
END GROUP
LOAD /opt/st/stm32cubeide_1.19.0/plugins/com.st.stm32cube.ide.mcu.externaltools.gnu-tools-for-stm32.13.3.rel1.linux64_1.0.0.202410170706/tools/bin/../lib/gcc/arm-none-eabi/13.3.1/thumb/v7e-m+fp/hard/crtend.o
LOAD /opt/st/stm32cubeide_1.19.0/plugins/com.st.stm32cube.ide.mcu.externaltools.gnu-tools-for-stm32.13.3.rel1.linux64_1.0.0.202410170706/tools/bin/../lib/gcc/arm-none-eabi/13.3.1/thumb/v7e-m+fp/hard/crtn.o
                0x20020000                        _estack = (ORIGIN (RAM) + LENGTH (RAM))
                0x00000200                        _Min_Heap_Size = 0x200
                0x00000400                        _Min_Stack_Size = 0x400

.isr_vector     0x08000000      0x198
                0x08000000                        . = ALIGN (0x4)
 *(.isr_vector)
 .isr_vector    0x08000000      0x198 ./Core/Startup/startup_stm32f411ceux.o
                0x08000000                g_pfnVectors
                0x08000198                        . = ALIGN (0x4)

.text           0x08000198     0x3df4
                0x08000198                        . = ALIGN (0x4)
 *(.text)
 .text          0x08000198       0x40 /opt/st/stm32cubeide_1.19.0/plugins/com.st.stm32cube.ide.mcu.externaltools.gnu-tools-for-stm32.13.3.rel1.linux64_1.0.0.202410170706/tools/bin/../lib/gcc/arm-none-eabi/13.3.1/thumb/v7e-m+fp/hard/crtbegin.o
 .text          0x080001d8       0x30 /opt/st/stm32cubeide_1.19.0/plugins/com.st.stm32cube.ide.mcu.externaltools.gnu-tools-for-stm32.13.3.rel1.linux64_1.0.0.202410170706/tools/bin/../lib/gcc/arm-none-eabi/13.3.1/thumb/v7e-m+fp/hard/libgcc.a(_aeabi_uldivmod.o)
                0x080001d8                __aeabi_uldivmod
 .text          0x08000208      0x2f8 /opt/st/stm32cubeide_1.19.0/plugins/com.st.stm32cube.ide.mcu.externaltools.gnu-tools-for-stm32.13.3.rel1.linux64_1.0.0.202410170706/tools/bin/../lib/gcc/arm-none-eabi/13.3.1/thumb/v7e-m+fp/hard/libgcc.a(_udivmoddi4.o)
                0x08000208                __udivmoddi4
 .text          0x08000500        0x4 /opt/st/stm32cubeide_1.19.0/plugins/com.st.stm32cube.ide.mcu.externaltools.gnu-tools-for-stm32.13.3.rel1.linux64_1.0.0.202410170706/tools/bin/../lib/gcc/arm-none-eabi/13.3.1/thumb/v7e-m+fp/hard/libgcc.a(_dvmd_tls.o)
                0x08000500                __aeabi_ldiv0
                0x08000500                __aeabi_idiv0
 *(.text*)
 .text.MX_I2C1_Init_Slave
                0x08000504      0x118 ./Core/Src/i2c_slave.o
                0x08000504                MX_I2C1_Init_Slave
 .text.set_i2c_txdata
                0x0800061c       0x20 ./Core/Src/i2c_slave.o
                0x0800061c                set_i2c_txdata
 .text.wait_i2c_busy
                0x0800063c       0x20 ./Core/Src/i2c_slave.o
                0x0800063c                wait_i2c_busy
 .text.create_keychanged_irq_pulse
                0x0800065c       0x2c ./Core/Src/i2c_slave.o
                0x0800065c                create_keychanged_irq_pulse
 .text.HAL_I2C_ListenCpltCallback
                0x08000688       0x20 ./Core/Src/i2c_slave.o
                0x08000688                HAL_I2C_ListenCpltCallback
 .text.HAL_I2C_AddrCallback
                0x080006a8       0x5c ./Core/Src/i2c_slave.o
                0x080006a8                HAL_I2C_AddrCallback
 .text.HAL_I2C_SlaveRxCpltCallback
                0x08000704       0x20 ./Core/Src/i2c_slave.o
                0x08000704                HAL_I2C_SlaveRxCpltCallback
 .text.HAL_I2C_SlaveTxCpltCallback
                0x08000724       0x20 ./Core/Src/i2c_slave.o
                0x08000724                HAL_I2C_SlaveTxCpltCallback
 .text.HAL_I2C_ErrorCallback
                0x08000744       0x2c ./Core/Src/i2c_slave.o
                0x08000744                HAL_I2C_ErrorCallback
 .text.I2C_Error_Handler
                0x08000770        0xc ./Core/Src/i2c_slave.o
                0x08000770                I2C_Error_Handler
 .text.I2C1_EV_IRQHandler
                0x0800077c       0x14 ./Core/Src/i2c_slave.o
                0x0800077c                I2C1_EV_IRQHandler
 .text.I2C1_ER_IRQHandler
                0x08000790       0x14 ./Core/Src/i2c_slave.o
                0x08000790                I2C1_ER_IRQHandler
 .text.is_lowercase
                0x080007a4       0x28 ./Core/Src/keyboard.o
 .text.is_uppercase
                0x080007cc       0x28 ./Core/Src/keyboard.o
 .text.to_capitalletter
                0x080007f4       0x2c ./Core/Src/keyboard.o
 .text.to_lowercase
                0x08000820       0x1c ./Core/Src/keyboard.o
 .text.keyboard_find_key
                0x0800083c      0x1f0 ./Core/Src/keyboard.o
                0x0800083c                keyboard_find_key
 .text.keyboard_init
                0x08000a2c      0x114 ./Core/Src/keyboard.o
                0x08000a2c                keyboard_init
 .text.keyboard_scan
                0x08000b40      0x1b0 ./Core/Src/keyboard.o
                0x08000b40                keyboard_scan
 .text.keyboard_is_key_changed
                0x08000cf0       0x18 ./Core/Src/keyboard.o
                0x08000cf0                keyboard_is_key_changed
 .text.main     0x08000d08       0x4e ./Core/Src/main.o
                0x08000d08                main
 *fill*         0x08000d56        0x2 
 .text.SystemClock_Config
                0x08000d58       0xbc ./Core/Src/main.o
                0x08000d58                SystemClock_Config
 .text.MX_GPIO_Init
                0x08000e14       0xb8 ./Core/Src/main.o
 .text.Error_Handler
                0x08000ecc        0xc ./Core/Src/main.o
                0x08000ecc                Error_Handler
 .text.HAL_MspInit
                0x08000ed8       0x50 ./Core/Src/stm32f4xx_hal_msp.o
                0x08000ed8                HAL_MspInit
 .text.HAL_I2C_MspInit
                0x08000f28       0x90 ./Core/Src/stm32f4xx_hal_msp.o
                0x08000f28                HAL_I2C_MspInit
 .text.NMI_Handler
                0x08000fb8        0x8 ./Core/Src/stm32f4xx_it.o
                0x08000fb8                NMI_Handler
 .text.HardFault_Handler
                0x08000fc0        0x8 ./Core/Src/stm32f4xx_it.o
                0x08000fc0                HardFault_Handler
 .text.MemManage_Handler
                0x08000fc8        0x8 ./Core/Src/stm32f4xx_it.o
                0x08000fc8                MemManage_Handler
 .text.BusFault_Handler
                0x08000fd0        0x8 ./Core/Src/stm32f4xx_it.o
                0x08000fd0                BusFault_Handler
 .text.UsageFault_Handler
                0x08000fd8        0x8 ./Core/Src/stm32f4xx_it.o
                0x08000fd8                UsageFault_Handler
 .text.SVC_Handler
                0x08000fe0        0xe ./Core/Src/stm32f4xx_it.o
                0x08000fe0                SVC_Handler
 .text.DebugMon_Handler
                0x08000fee        0xe ./Core/Src/stm32f4xx_it.o
                0x08000fee                DebugMon_Handler
 .text.PendSV_Handler
                0x08000ffc        0xe ./Core/Src/stm32f4xx_it.o
                0x08000ffc                PendSV_Handler
 .text.SysTick_Handler
                0x0800100a        0xc ./Core/Src/stm32f4xx_it.o
                0x0800100a                SysTick_Handler
 *fill*         0x08001016        0x2 
 .text.SystemInit
                0x08001018       0x24 ./Core/Src/system_stm32f4xx.o
                0x08001018                SystemInit
 .text.Reset_Handler
                0x0800103c       0x50 ./Core/Startup/startup_stm32f411ceux.o
                0x0800103c                Reset_Handler
 .text.Default_Handler
                0x0800108c        0x2 ./Core/Startup/startup_stm32f411ceux.o
                0x0800108c                RTC_Alarm_IRQHandler
                0x0800108c                EXTI2_IRQHandler
                0x0800108c                SPI4_IRQHandler
                0x0800108c                TIM1_CC_IRQHandler
                0x0800108c                DMA2_Stream5_IRQHandler
                0x0800108c                DMA1_Stream5_IRQHandler
                0x0800108c                PVD_IRQHandler
                0x0800108c                SDIO_IRQHandler
                0x0800108c                TAMP_STAMP_IRQHandler
                0x0800108c                EXTI3_IRQHandler
                0x0800108c                TIM1_UP_TIM10_IRQHandler
                0x0800108c                I2C3_ER_IRQHandler
                0x0800108c                EXTI0_IRQHandler
                0x0800108c                I2C2_EV_IRQHandler
                0x0800108c                DMA1_Stream2_IRQHandler
                0x0800108c                FPU_IRQHandler
                0x0800108c                DMA2_Stream2_IRQHandler
                0x0800108c                SPI1_IRQHandler
                0x0800108c                TIM1_BRK_TIM9_IRQHandler
                0x0800108c                DMA2_Stream3_IRQHandler
                0x0800108c                USART6_IRQHandler
                0x0800108c                DMA2_Stream0_IRQHandler
                0x0800108c                TIM4_IRQHandler
                0x0800108c                DMA1_Stream6_IRQHandler
                0x0800108c                DMA1_Stream1_IRQHandler
                0x0800108c                TIM3_IRQHandler
                0x0800108c                RCC_IRQHandler
                0x0800108c                Default_Handler
                0x0800108c                EXTI15_10_IRQHandler
                0x0800108c                ADC_IRQHandler
                0x0800108c                DMA1_Stream7_IRQHandler
                0x0800108c                SPI5_IRQHandler
                0x0800108c                TIM5_IRQHandler
                0x0800108c                DMA2_Stream7_IRQHandler
                0x0800108c                I2C3_EV_IRQHandler
                0x0800108c                EXTI9_5_IRQHandler
                0x0800108c                RTC_WKUP_IRQHandler
                0x0800108c                SPI2_IRQHandler
                0x0800108c                DMA1_Stream0_IRQHandler
                0x0800108c                EXTI4_IRQHandler
                0x0800108c                WWDG_IRQHandler
                0x0800108c                TIM2_IRQHandler
                0x0800108c                OTG_FS_WKUP_IRQHandler
                0x0800108c                TIM1_TRG_COM_TIM11_IRQHandler
                0x0800108c                EXTI1_IRQHandler
                0x0800108c                USART2_IRQHandler
                0x0800108c                I2C2_ER_IRQHandler
                0x0800108c                DMA2_Stream1_IRQHandler
                0x0800108c                FLASH_IRQHandler
                0x0800108c                DMA2_Stream4_IRQHandler
                0x0800108c                USART1_IRQHandler
                0x0800108c                OTG_FS_IRQHandler
                0x0800108c                SPI3_IRQHandler
                0x0800108c                DMA1_Stream4_IRQHandler
                0x0800108c                DMA2_Stream6_IRQHandler
                0x0800108c                DMA1_Stream3_IRQHandler
 *fill*         0x0800108e        0x2 
 .text.HAL_Init
                0x08001090       0x44 ./Drivers/STM32F4xx_HAL_Driver/Src/stm32f4xx_hal.o
                0x08001090                HAL_Init
 .text.HAL_InitTick
                0x080010d4       0x60 ./Drivers/STM32F4xx_HAL_Driver/Src/stm32f4xx_hal.o
                0x080010d4                HAL_InitTick
 .text.HAL_IncTick
                0x08001134       0x28 ./Drivers/STM32F4xx_HAL_Driver/Src/stm32f4xx_hal.o
                0x08001134                HAL_IncTick
 .text.HAL_GetTick
                0x0800115c       0x18 ./Drivers/STM32F4xx_HAL_Driver/Src/stm32f4xx_hal.o
                0x0800115c                HAL_GetTick
 .text.HAL_Delay
                0x08001174       0x48 ./Drivers/STM32F4xx_HAL_Driver/Src/stm32f4xx_hal.o
                0x08001174                HAL_Delay
 .text.__NVIC_SetPriorityGrouping
                0x080011bc       0x48 ./Drivers/STM32F4xx_HAL_Driver/Src/stm32f4xx_hal_cortex.o
 .text.__NVIC_GetPriorityGrouping
                0x08001204       0x1c ./Drivers/STM32F4xx_HAL_Driver/Src/stm32f4xx_hal_cortex.o
 .text.__NVIC_EnableIRQ
                0x08001220       0x3c ./Drivers/STM32F4xx_HAL_Driver/Src/stm32f4xx_hal_cortex.o
 .text.__NVIC_SetPriority
                0x0800125c       0x54 ./Drivers/STM32F4xx_HAL_Driver/Src/stm32f4xx_hal_cortex.o
 .text.NVIC_EncodePriority
                0x080012b0       0x66 ./Drivers/STM32F4xx_HAL_Driver/Src/stm32f4xx_hal_cortex.o
 *fill*         0x08001316        0x2 
 .text.SysTick_Config
                0x08001318       0x44 ./Drivers/STM32F4xx_HAL_Driver/Src/stm32f4xx_hal_cortex.o
 .text.HAL_NVIC_SetPriorityGrouping
                0x0800135c       0x16 ./Drivers/STM32F4xx_HAL_Driver/Src/stm32f4xx_hal_cortex.o
                0x0800135c                HAL_NVIC_SetPriorityGrouping
 .text.HAL_NVIC_SetPriority
                0x08001372       0x38 ./Drivers/STM32F4xx_HAL_Driver/Src/stm32f4xx_hal_cortex.o
                0x08001372                HAL_NVIC_SetPriority
 .text.HAL_NVIC_EnableIRQ
                0x080013aa       0x1c ./Drivers/STM32F4xx_HAL_Driver/Src/stm32f4xx_hal_cortex.o
                0x080013aa                HAL_NVIC_EnableIRQ
 .text.HAL_SYSTICK_Config
                0x080013c6       0x18 ./Drivers/STM32F4xx_HAL_Driver/Src/stm32f4xx_hal_cortex.o
                0x080013c6                HAL_SYSTICK_Config
 .text.HAL_DMA_Abort_IT
                0x080013de       0x44 ./Drivers/STM32F4xx_HAL_Driver/Src/stm32f4xx_hal_dma.o
                0x080013de                HAL_DMA_Abort_IT
 .text.HAL_DMA_GetState
                0x08001422       0x1c ./Drivers/STM32F4xx_HAL_Driver/Src/stm32f4xx_hal_dma.o
                0x08001422                HAL_DMA_GetState
 *fill*         0x0800143e        0x2 
 .text.HAL_GPIO_Init
                0x08001440      0x308 ./Drivers/STM32F4xx_HAL_Driver/Src/stm32f4xx_hal_gpio.o
                0x08001440                HAL_GPIO_Init
 .text.HAL_GPIO_ReadPin
                0x08001748       0x30 ./Drivers/STM32F4xx_HAL_Driver/Src/stm32f4xx_hal_gpio.o
                0x08001748                HAL_GPIO_ReadPin
 .text.HAL_GPIO_WritePin
                0x08001778       0x32 ./Drivers/STM32F4xx_HAL_Driver/Src/stm32f4xx_hal_gpio.o
                0x08001778                HAL_GPIO_WritePin
 *fill*         0x080017aa        0x2 
 .text.HAL_I2C_Init
                0x080017ac      0x288 ./Drivers/STM32F4xx_HAL_Driver/Src/stm32f4xx_hal_i2c.o
                0x080017ac                HAL_I2C_Init
 .text.I2C_Flush_DR
                0x08001a34       0x2a ./Drivers/STM32F4xx_HAL_Driver/Src/stm32f4xx_hal_i2c.o
 .text.HAL_I2C_Slave_Seq_Transmit_IT
                0x08001a5e       0xe6 ./Drivers/STM32F4xx_HAL_Driver/Src/stm32f4xx_hal_i2c.o
                0x08001a5e                HAL_I2C_Slave_Seq_Transmit_IT
 .text.HAL_I2C_Slave_Seq_Receive_IT
                0x08001b44       0xe6 ./Drivers/STM32F4xx_HAL_Driver/Src/stm32f4xx_hal_i2c.o
                0x08001b44                HAL_I2C_Slave_Seq_Receive_IT
 .text.HAL_I2C_EnableListen_IT
                0x08001c2a       0x6c ./Drivers/STM32F4xx_HAL_Driver/Src/stm32f4xx_hal_i2c.o
                0x08001c2a                HAL_I2C_EnableListen_IT
 .text.HAL_I2C_EV_IRQHandler
                0x08001c96      0x2e2 ./Drivers/STM32F4xx_HAL_Driver/Src/stm32f4xx_hal_i2c.o
                0x08001c96                HAL_I2C_EV_IRQHandler
 .text.HAL_I2C_ER_IRQHandler
                0x08001f78      0x14e ./Drivers/STM32F4xx_HAL_Driver/Src/stm32f4xx_hal_i2c.o
                0x08001f78                HAL_I2C_ER_IRQHandler
 .text.HAL_I2C_MasterTxCpltCallback
                0x080020c6       0x14 ./Drivers/STM32F4xx_HAL_Driver/Src/stm32f4xx_hal_i2c.o
                0x080020c6                HAL_I2C_MasterTxCpltCallback
 .text.HAL_I2C_MasterRxCpltCallback
                0x080020da       0x14 ./Drivers/STM32F4xx_HAL_Driver/Src/stm32f4xx_hal_i2c.o
                0x080020da                HAL_I2C_MasterRxCpltCallback
 .text.HAL_I2C_MemTxCpltCallback
                0x080020ee       0x14 ./Drivers/STM32F4xx_HAL_Driver/Src/stm32f4xx_hal_i2c.o
                0x080020ee                HAL_I2C_MemTxCpltCallback
 .text.HAL_I2C_MemRxCpltCallback
                0x08002102       0x14 ./Drivers/STM32F4xx_HAL_Driver/Src/stm32f4xx_hal_i2c.o
                0x08002102                HAL_I2C_MemRxCpltCallback
 .text.HAL_I2C_AbortCpltCallback
                0x08002116       0x14 ./Drivers/STM32F4xx_HAL_Driver/Src/stm32f4xx_hal_i2c.o
                0x08002116                HAL_I2C_AbortCpltCallback
 .text.I2C_MasterTransmit_TXE
                0x0800212a      0x138 ./Drivers/STM32F4xx_HAL_Driver/Src/stm32f4xx_hal_i2c.o
 .text.I2C_MasterTransmit_BTF
                0x08002262       0xec ./Drivers/STM32F4xx_HAL_Driver/Src/stm32f4xx_hal_i2c.o
 .text.I2C_MemoryTransmit_TXE_BTF
                0x0800234e      0x130 ./Drivers/STM32F4xx_HAL_Driver/Src/stm32f4xx_hal_i2c.o
 .text.I2C_MasterReceive_RXNE
                0x0800247e      0x190 ./Drivers/STM32F4xx_HAL_Driver/Src/stm32f4xx_hal_i2c.o
 .text.I2C_MasterReceive_BTF
                0x0800260e      0x1e2 ./Drivers/STM32F4xx_HAL_Driver/Src/stm32f4xx_hal_i2c.o
 .text.I2C_Master_SB
                0x080027f0      0x10c ./Drivers/STM32F4xx_HAL_Driver/Src/stm32f4xx_hal_i2c.o
 .text.I2C_Master_ADD10
                0x080028fc       0x54 ./Drivers/STM32F4xx_HAL_Driver/Src/stm32f4xx_hal_i2c.o
 .text.I2C_Master_ADDR
                0x08002950      0x322 ./Drivers/STM32F4xx_HAL_Driver/Src/stm32f4xx_hal_i2c.o
 .text.I2C_SlaveTransmit_TXE
                0x08002c72       0x7a ./Drivers/STM32F4xx_HAL_Driver/Src/stm32f4xx_hal_i2c.o
 .text.I2C_SlaveTransmit_BTF
                0x08002cec       0x42 ./Drivers/STM32F4xx_HAL_Driver/Src/stm32f4xx_hal_i2c.o
 .text.I2C_SlaveReceive_RXNE
                0x08002d2e       0x7c ./Drivers/STM32F4xx_HAL_Driver/Src/stm32f4xx_hal_i2c.o
 .text.I2C_SlaveReceive_BTF
                0x08002daa       0x44 ./Drivers/STM32F4xx_HAL_Driver/Src/stm32f4xx_hal_i2c.o
 .text.I2C_Slave_ADDR
                0x08002dee       0x94 ./Drivers/STM32F4xx_HAL_Driver/Src/stm32f4xx_hal_i2c.o
 *fill*         0x08002e82        0x2 
 .text.I2C_Slave_STOPF
                0x08002e84      0x260 ./Drivers/STM32F4xx_HAL_Driver/Src/stm32f4xx_hal_i2c.o
 .text.I2C_Slave_AF
                0x080030e4       0xe8 ./Drivers/STM32F4xx_HAL_Driver/Src/stm32f4xx_hal_i2c.o
 .text.I2C_ITError
                0x080031cc      0x264 ./Drivers/STM32F4xx_HAL_Driver/Src/stm32f4xx_hal_i2c.o
 .text.I2C_DMAAbort
                0x08003430      0x150 ./Drivers/STM32F4xx_HAL_Driver/Src/stm32f4xx_hal_i2c.o
 .text.I2C_WaitOnSTOPRequestThroughIT
                0x08003580       0x64 ./Drivers/STM32F4xx_HAL_Driver/Src/stm32f4xx_hal_i2c.o
 .text.I2C_ConvertOtherXferOptions
                0x080035e4       0x36 ./Drivers/STM32F4xx_HAL_Driver/Src/stm32f4xx_hal_i2c.o
 .text.HAL_I2CEx_ConfigAnalogFilter
                0x0800361a       0x78 ./Drivers/STM32F4xx_HAL_Driver/Src/stm32f4xx_hal_i2c_ex.o
                0x0800361a                HAL_I2CEx_ConfigAnalogFilter
 *fill*         0x08003692        0x2 
 .text.HAL_RCC_OscConfig
                0x08003694      0x4f0 ./Drivers/STM32F4xx_HAL_Driver/Src/stm32f4xx_hal_rcc.o
                0x08003694                HAL_RCC_OscConfig
 .text.HAL_RCC_ClockConfig
                0x08003b84      0x1cc ./Drivers/STM32F4xx_HAL_Driver/Src/stm32f4xx_hal_rcc.o
                0x08003b84                HAL_RCC_ClockConfig
 .text.HAL_RCC_GetSysClockFreq
                0x08003d50      0x18c ./Drivers/STM32F4xx_HAL_Driver/Src/stm32f4xx_hal_rcc.o
                0x08003d50                HAL_RCC_GetSysClockFreq
 .text.HAL_RCC_GetHCLKFreq
                0x08003edc       0x18 ./Drivers/STM32F4xx_HAL_Driver/Src/stm32f4xx_hal_rcc.o
                0x08003edc                HAL_RCC_GetHCLKFreq
 .text.HAL_RCC_GetPCLK1Freq
                0x08003ef4       0x28 ./Drivers/STM32F4xx_HAL_Driver/Src/stm32f4xx_hal_rcc.o
                0x08003ef4                HAL_RCC_GetPCLK1Freq
 .text.memset   0x08003f1c       0x10 /opt/st/stm32cubeide_1.19.0/plugins/com.st.stm32cube.ide.mcu.externaltools.gnu-tools-for-stm32.13.3.rel1.linux64_1.0.0.202410170706/tools/bin/../lib/gcc/arm-none-eabi/13.3.1/../../../../arm-none-eabi/lib/thumb/v7e-m+fp/hard/libc_nano.a(libc_a-memset.o)
                0x08003f1c                memset
 .text.__libc_init_array
                0x08003f2c       0x48 /opt/st/stm32cubeide_1.19.0/plugins/com.st.stm32cube.ide.mcu.externaltools.gnu-tools-for-stm32.13.3.rel1.linux64_1.0.0.202410170706/tools/bin/../lib/gcc/arm-none-eabi/13.3.1/../../../../arm-none-eabi/lib/thumb/v7e-m+fp/hard/libc_nano.a(libc_a-init.o)
                0x08003f2c                __libc_init_array
 *(.glue_7)
 .glue_7        0x08003f74        0x0 linker stubs
 *(.glue_7t)
 .glue_7t       0x08003f74        0x0 linker stubs
 *(.eh_frame)
 .eh_frame      0x08003f74        0x0 /opt/st/stm32cubeide_1.19.0/plugins/com.st.stm32cube.ide.mcu.externaltools.gnu-tools-for-stm32.13.3.rel1.linux64_1.0.0.202410170706/tools/bin/../lib/gcc/arm-none-eabi/13.3.1/thumb/v7e-m+fp/hard/crtbegin.o
 *(.init)
 .init          0x08003f74        0x4 /opt/st/stm32cubeide_1.19.0/plugins/com.st.stm32cube.ide.mcu.externaltools.gnu-tools-for-stm32.13.3.rel1.linux64_1.0.0.202410170706/tools/bin/../lib/gcc/arm-none-eabi/13.3.1/thumb/v7e-m+fp/hard/crti.o
                0x08003f74                _init
 .init          0x08003f78        0x8 /opt/st/stm32cubeide_1.19.0/plugins/com.st.stm32cube.ide.mcu.externaltools.gnu-tools-for-stm32.13.3.rel1.linux64_1.0.0.202410170706/tools/bin/../lib/gcc/arm-none-eabi/13.3.1/thumb/v7e-m+fp/hard/crtn.o
 *(.fini)
 .fini          0x08003f80        0x4 /opt/st/stm32cubeide_1.19.0/plugins/com.st.stm32cube.ide.mcu.externaltools.gnu-tools-for-stm32.13.3.rel1.linux64_1.0.0.202410170706/tools/bin/../lib/gcc/arm-none-eabi/13.3.1/thumb/v7e-m+fp/hard/crti.o
                0x08003f80                _fini
 .fini          0x08003f84        0x8 /opt/st/stm32cubeide_1.19.0/plugins/com.st.stm32cube.ide.mcu.externaltools.gnu-tools-for-stm32.13.3.rel1.linux64_1.0.0.202410170706/tools/bin/../lib/gcc/arm-none-eabi/13.3.1/thumb/v7e-m+fp/hard/crtn.o
                0x08003f8c                        . = ALIGN (0x4)
                0x08003f8c                        _etext = .

.vfp11_veneer   0x08003f8c        0x0
 .vfp11_veneer  0x08003f8c        0x0 linker stubs

.v4_bx          0x08003f8c        0x0
 .v4_bx         0x08003f8c        0x0 linker stubs

.iplt           0x08003f8c        0x0
 .iplt          0x08003f8c        0x0 /opt/st/stm32cubeide_1.19.0/plugins/com.st.stm32cube.ide.mcu.externaltools.gnu-tools-for-stm32.13.3.rel1.linux64_1.0.0.202410170706/tools/bin/../lib/gcc/arm-none-eabi/13.3.1/thumb/v7e-m+fp/hard/crtbegin.o

.rodata         0x08003f8c       0x60
                0x08003f8c                        . = ALIGN (0x4)
 *(.rodata)
 *(.rodata*)
 .rodata.key_mapping
                0x08003f8c       0x23 ./Core/Src/keyboard.o
                0x08003f8c                key_mapping
 *fill*         0x08003faf        0x1 
 .rodata.alt_key_mapping
                0x08003fb0       0x23 ./Core/Src/keyboard.o
                0x08003fb0                alt_key_mapping
 *fill*         0x08003fd3        0x1 
 .rodata.AHBPrescTable
                0x08003fd4       0x10 ./Core/Src/system_stm32f4xx.o
                0x08003fd4                AHBPrescTable
 .rodata.APBPrescTable
                0x08003fe4        0x8 ./Core/Src/system_stm32f4xx.o
                0x08003fe4                APBPrescTable
                0x08003fec                        . = ALIGN (0x4)

.ARM.extab      0x08003fec        0x0
                0x08003fec                        . = ALIGN (0x4)
 *(.ARM.extab* .gnu.linkonce.armextab.*)
                0x08003fec                        . = ALIGN (0x4)

.ARM            0x08003fec        0x8
                0x08003fec                        . = ALIGN (0x4)
                0x08003fec                        __exidx_start = .
 *(.ARM.exidx*)
 .ARM.exidx     0x08003fec        0x8 /opt/st/stm32cubeide_1.19.0/plugins/com.st.stm32cube.ide.mcu.externaltools.gnu-tools-for-stm32.13.3.rel1.linux64_1.0.0.202410170706/tools/bin/../lib/gcc/arm-none-eabi/13.3.1/thumb/v7e-m+fp/hard/libgcc.a(_udivmoddi4.o)
                0x08003ff4                        __exidx_end = .
                0x08003ff4                        . = ALIGN (0x4)

.preinit_array  0x08003ff4        0x0
                0x08003ff4                        . = ALIGN (0x4)
                0x08003ff4                        PROVIDE (__preinit_array_start = .)
 *(.preinit_array*)
                0x08003ff4                        PROVIDE (__preinit_array_end = .)
                0x08003ff4                        . = ALIGN (0x4)

.init_array     0x08003ff4        0x4
                0x08003ff4                        . = ALIGN (0x4)
                0x08003ff4                        PROVIDE (__init_array_start = .)
 *(SORT_BY_NAME(.init_array.*))
 *(.init_array*)
 .init_array    0x08003ff4        0x4 /opt/st/stm32cubeide_1.19.0/plugins/com.st.stm32cube.ide.mcu.externaltools.gnu-tools-for-stm32.13.3.rel1.linux64_1.0.0.202410170706/tools/bin/../lib/gcc/arm-none-eabi/13.3.1/thumb/v7e-m+fp/hard/crtbegin.o
                0x08003ff8                        PROVIDE (__init_array_end = .)
                0x08003ff8                        . = ALIGN (0x4)

.fini_array     0x08003ff8        0x4
                0x08003ff8                        . = ALIGN (0x4)
                [!provide]                        PROVIDE (__fini_array_start = .)
 *(SORT_BY_NAME(.fini_array.*))
 *(.fini_array*)
 .fini_array    0x08003ff8        0x4 /opt/st/stm32cubeide_1.19.0/plugins/com.st.stm32cube.ide.mcu.externaltools.gnu-tools-for-stm32.13.3.rel1.linux64_1.0.0.202410170706/tools/bin/../lib/gcc/arm-none-eabi/13.3.1/thumb/v7e-m+fp/hard/crtbegin.o
                [!provide]                        PROVIDE (__fini_array_end = .)
                0x08003ffc                        . = ALIGN (0x4)
                0x08003ffc                        _sidata = LOADADDR (.data)

.rel.dyn        0x08003ffc        0x0
 .rel.iplt      0x08003ffc        0x0 /opt/st/stm32cubeide_1.19.0/plugins/com.st.stm32cube.ide.mcu.externaltools.gnu-tools-for-stm32.13.3.rel1.linux64_1.0.0.202410170706/tools/bin/../lib/gcc/arm-none-eabi/13.3.1/thumb/v7e-m+fp/hard/crtbegin.o

.data           0x20000000       0x58 load address 0x08003ffc
                0x20000000                        . = ALIGN (0x4)
                0x20000000                        _sdata = .
 *(.data)
 *(.data*)
 .data.col_ports
                0x20000000       0x14 ./Core/Src/keyboard.o
                0x20000000                col_ports
 .data.col_pins
                0x20000014        0xa ./Core/Src/keyboard.o
                0x20000014                col_pins
 *fill*         0x2000001e        0x2 
 .data.row_ports
                0x20000020       0x1c ./Core/Src/keyboard.o
                0x20000020                row_ports
 .data.row_pins
                0x2000003c        0xe ./Core/Src/keyboard.o
                0x2000003c                row_pins
 *fill*         0x2000004a        0x2 
 .data.SystemCoreClock
                0x2000004c        0x4 ./Core/Src/system_stm32f4xx.o
                0x2000004c                SystemCoreClock
 .data.uwTickPrio
                0x20000050        0x4 ./Drivers/STM32F4xx_HAL_Driver/Src/stm32f4xx_hal.o
                0x20000050                uwTickPrio
 .data.uwTickFreq
                0x20000054        0x1 ./Drivers/STM32F4xx_HAL_Driver/Src/stm32f4xx_hal.o
                0x20000054                uwTickFreq
 *(.RamFunc)
 *(.RamFunc*)
                0x20000058                        . = ALIGN (0x4)
 *fill*         0x20000055        0x3 
                0x20000058                        _edata = .

.igot.plt       0x20000058        0x0 load address 0x08004054
 .igot.plt      0x20000058        0x0 /opt/st/stm32cubeide_1.19.0/plugins/com.st.stm32cube.ide.mcu.externaltools.gnu-tools-for-stm32.13.3.rel1.linux64_1.0.0.202410170706/tools/bin/../lib/gcc/arm-none-eabi/13.3.1/thumb/v7e-m+fp/hard/crtbegin.o
                0x20000058                        . = ALIGN (0x4)

.bss            0x20000058       0xa8 load address 0x08004054
                0x20000058                        _sbss = .
                0x20000058                        __bss_start__ = _sbss
 *(.bss)
 .bss           0x20000058       0x1c /opt/st/stm32cubeide_1.19.0/plugins/com.st.stm32cube.ide.mcu.externaltools.gnu-tools-for-stm32.13.3.rel1.linux64_1.0.0.202410170706/tools/bin/../lib/gcc/arm-none-eabi/13.3.1/thumb/v7e-m+fp/hard/crtbegin.o
 *(.bss*)
 .bss.hi2c1     0x20000074       0x54 ./Core/Src/i2c_slave.o
                0x20000074                hi2c1
 .bss.I2C_RxData
                0x200000c8        0x1 ./Core/Src/i2c_slave.o
                0x200000c8                I2C_RxData
 *fill*         0x200000c9        0x3 
 .bss.I2C_TxData
                0x200000cc        0x1 ./Core/Src/i2c_slave.o
                0x200000cc                I2C_TxData
 .bss.i2c_busy  0x200000cd        0x1 ./Core/Src/i2c_slave.o
                0x200000cd                i2c_busy
 *fill*         0x200000ce        0x2 
 .bss.key_state
                0x200000d0       0x23 ./Core/Src/keyboard.o
                0x200000d0                key_state
 .bss.key_changed
                0x200000f3        0x1 ./Core/Src/keyboard.o
                0x200000f3                key_changed
 .bss.key_pressed_end_result
                0x200000f4        0x1 ./Core/Src/keyboard.o
                0x200000f4                key_pressed_end_result
 .bss.last_pressed_key
                0x200000f5        0x1 ./Core/Src/keyboard.o
                0x200000f5                last_pressed_key
 .bss.alt_key_pressed
                0x200000f6        0x1 ./Core/Src/keyboard.o
                0x200000f6                alt_key_pressed
 .bss.rshift_key_pressed
                0x200000f7        0x1 ./Core/Src/keyboard.o
                0x200000f7                rshift_key_pressed
 .bss.lshift_key_pressed
                0x200000f8        0x1 ./Core/Src/keyboard.o
                0x200000f8                lshift_key_pressed
 *fill*         0x200000f9        0x3 
 .bss.uwTick    0x200000fc        0x4 ./Drivers/STM32F4xx_HAL_Driver/Src/stm32f4xx_hal.o
                0x200000fc                uwTick
 *(COMMON)
                0x20000100                        . = ALIGN (0x4)
                0x20000100                        _ebss = .
                0x20000100                        __bss_end__ = _ebss

._user_heap_stack
                0x20000100      0x600 load address 0x08004054
                0x20000100                        . = ALIGN (0x8)
                [!provide]                        PROVIDE (end = .)
                0x20000100                        PROVIDE (_end = .)
                0x20000300                        . = (. + _Min_Heap_Size)
 *fill*         0x20000100      0x200 
                0x20000700                        . = (. + _Min_Stack_Size)
 *fill*         0x20000300      0x400 
                0x20000700                        . = ALIGN (0x8)

/DISCARD/
 libc.a(*)
 libm.a(*)
 libgcc.a(*)

.ARM.attributes
                0x00000000       0x30
 *(.ARM.attributes)
 .ARM.attributes
                0x00000000       0x22 /opt/st/stm32cubeide_1.19.0/plugins/com.st.stm32cube.ide.mcu.externaltools.gnu-tools-for-stm32.13.3.rel1.linux64_1.0.0.202410170706/tools/bin/../lib/gcc/arm-none-eabi/13.3.1/thumb/v7e-m+fp/hard/crti.o
 .ARM.attributes
                0x00000022       0x34 /opt/st/stm32cubeide_1.19.0/plugins/com.st.stm32cube.ide.mcu.externaltools.gnu-tools-for-stm32.13.3.rel1.linux64_1.0.0.202410170706/tools/bin/../lib/gcc/arm-none-eabi/13.3.1/thumb/v7e-m+fp/hard/crtbegin.o
 .ARM.attributes
                0x00000056       0x34 ./Core/Src/i2c_slave.o
 .ARM.attributes
                0x0000008a       0x34 ./Core/Src/keyboard.o
 .ARM.attributes
                0x000000be       0x34 ./Core/Src/main.o
 .ARM.attributes
                0x000000f2       0x34 ./Core/Src/stm32f4xx_hal_msp.o
 .ARM.attributes
                0x00000126       0x34 ./Core/Src/stm32f4xx_it.o
 .ARM.attributes
                0x0000015a       0x34 ./Core/Src/system_stm32f4xx.o
 .ARM.attributes
                0x0000018e       0x21 ./Core/Startup/startup_stm32f411ceux.o
 .ARM.attributes
                0x000001af       0x34 ./Drivers/STM32F4xx_HAL_Driver/Src/stm32f4xx_hal.o
 .ARM.attributes
                0x000001e3       0x34 ./Drivers/STM32F4xx_HAL_Driver/Src/stm32f4xx_hal_cortex.o
 .ARM.attributes
                0x00000217       0x34 ./Drivers/STM32F4xx_HAL_Driver/Src/stm32f4xx_hal_dma.o
 .ARM.attributes
                0x0000024b       0x34 ./Drivers/STM32F4xx_HAL_Driver/Src/stm32f4xx_hal_gpio.o
 .ARM.attributes
                0x0000027f       0x34 ./Drivers/STM32F4xx_HAL_Driver/Src/stm32f4xx_hal_i2c.o
 .ARM.attributes
                0x000002b3       0x34 ./Drivers/STM32F4xx_HAL_Driver/Src/stm32f4xx_hal_i2c_ex.o
 .ARM.attributes
                0x000002e7       0x34 ./Drivers/STM32F4xx_HAL_Driver/Src/stm32f4xx_hal_rcc.o
 .ARM.attributes
                0x0000031b       0x34 /opt/st/stm32cubeide_1.19.0/plugins/com.st.stm32cube.ide.mcu.externaltools.gnu-tools-for-stm32.13.3.rel1.linux64_1.0.0.202410170706/tools/bin/../lib/gcc/arm-none-eabi/13.3.1/../../../../arm-none-eabi/lib/thumb/v7e-m+fp/hard/libc_nano.a(libc_a-memset.o)
 .ARM.attributes
                0x0000034f       0x34 /opt/st/stm32cubeide_1.19.0/plugins/com.st.stm32cube.ide.mcu.externaltools.gnu-tools-for-stm32.13.3.rel1.linux64_1.0.0.202410170706/tools/bin/../lib/gcc/arm-none-eabi/13.3.1/../../../../arm-none-eabi/lib/thumb/v7e-m+fp/hard/libc_nano.a(libc_a-init.o)
 .ARM.attributes
                0x00000383       0x22 /opt/st/stm32cubeide_1.19.0/plugins/com.st.stm32cube.ide.mcu.externaltools.gnu-tools-for-stm32.13.3.rel1.linux64_1.0.0.202410170706/tools/bin/../lib/gcc/arm-none-eabi/13.3.1/thumb/v7e-m+fp/hard/libgcc.a(_aeabi_uldivmod.o)
 .ARM.attributes
                0x000003a5       0x34 /opt/st/stm32cubeide_1.19.0/plugins/com.st.stm32cube.ide.mcu.externaltools.gnu-tools-for-stm32.13.3.rel1.linux64_1.0.0.202410170706/tools/bin/../lib/gcc/arm-none-eabi/13.3.1/thumb/v7e-m+fp/hard/libgcc.a(_udivmoddi4.o)
 .ARM.attributes
                0x000003d9       0x22 /opt/st/stm32cubeide_1.19.0/plugins/com.st.stm32cube.ide.mcu.externaltools.gnu-tools-for-stm32.13.3.rel1.linux64_1.0.0.202410170706/tools/bin/../lib/gcc/arm-none-eabi/13.3.1/thumb/v7e-m+fp/hard/libgcc.a(_dvmd_tls.o)
 .ARM.attributes
                0x000003fb       0x22 /opt/st/stm32cubeide_1.19.0/plugins/com.st.stm32cube.ide.mcu.externaltools.gnu-tools-for-stm32.13.3.rel1.linux64_1.0.0.202410170706/tools/bin/../lib/gcc/arm-none-eabi/13.3.1/thumb/v7e-m+fp/hard/crtn.o
OUTPUT(BBQ10_Driver.elf elf32-littlearm)
LOAD linker stubs
LOAD /opt/st/stm32cubeide_1.19.0/plugins/com.st.stm32cube.ide.mcu.externaltools.gnu-tools-for-stm32.13.3.rel1.linux64_1.0.0.202410170706/tools/bin/../lib/gcc/arm-none-eabi/13.3.1/../../../../arm-none-eabi/lib/thumb/v7e-m+fp/hard/libc.a
LOAD /opt/st/stm32cubeide_1.19.0/plugins/com.st.stm32cube.ide.mcu.externaltools.gnu-tools-for-stm32.13.3.rel1.linux64_1.0.0.202410170706/tools/bin/../lib/gcc/arm-none-eabi/13.3.1/../../../../arm-none-eabi/lib/thumb/v7e-m+fp/hard/libm.a
LOAD /opt/st/stm32cubeide_1.19.0/plugins/com.st.stm32cube.ide.mcu.externaltools.gnu-tools-for-stm32.13.3.rel1.linux64_1.0.0.202410170706/tools/bin/../lib/gcc/arm-none-eabi/13.3.1/thumb/v7e-m+fp/hard/libgcc.a

.debug_info     0x00000000     0x85f0
 .debug_info    0x00000000      0xe05 ./Core/Src/i2c_slave.o
 .debug_info    0x00000e05      0x7a5 ./Core/Src/keyboard.o
 .debug_info    0x000015aa      0x715 ./Core/Src/main.o
 .debug_info    0x00001cbf      0x971 ./Core/Src/stm32f4xx_hal_msp.o
 .debug_info    0x00002630      0x112 ./Core/Src/stm32f4xx_it.o
 .debug_info    0x00002742      0x53e ./Core/Src/system_stm32f4xx.o
 .debug_info    0x00002c80       0x30 ./Core/Startup/startup_stm32f411ceux.o
 .debug_info    0x00002cb0      0x8c4 ./Drivers/STM32F4xx_HAL_Driver/Src/stm32f4xx_hal.o
 .debug_info    0x00003574      0xcfc ./Drivers/STM32F4xx_HAL_Driver/Src/stm32f4xx_hal_cortex.o
 .debug_info    0x00004270      0x8e6 ./Drivers/STM32F4xx_HAL_Driver/Src/stm32f4xx_hal_dma.o
 .debug_info    0x00004b56      0x6f9 ./Drivers/STM32F4xx_HAL_Driver/Src/stm32f4xx_hal_gpio.o
 .debug_info    0x0000524f     0x2426 ./Drivers/STM32F4xx_HAL_Driver/Src/stm32f4xx_hal_i2c.o
 .debug_info    0x00007675      0x677 ./Drivers/STM32F4xx_HAL_Driver/Src/stm32f4xx_hal_i2c_ex.o
 .debug_info    0x00007cec      0x904 ./Drivers/STM32F4xx_HAL_Driver/Src/stm32f4xx_hal_rcc.o

.debug_abbrev   0x00000000     0x1a6a
 .debug_abbrev  0x00000000      0x27f ./Core/Src/i2c_slave.o
 .debug_abbrev  0x0000027f      0x237 ./Core/Src/keyboard.o
 .debug_abbrev  0x000004b6      0x22b ./Core/Src/main.o
 .debug_abbrev  0x000006e1      0x1a4 ./Core/Src/stm32f4xx_hal_msp.o
 .debug_abbrev  0x00000885       0x73 ./Core/Src/stm32f4xx_it.o
 .debug_abbrev  0x000008f8      0x11a ./Core/Src/system_stm32f4xx.o
 .debug_abbrev  0x00000a12       0x24 ./Core/Startup/startup_stm32f411ceux.o
 .debug_abbrev  0x00000a36      0x24b ./Drivers/STM32F4xx_HAL_Driver/Src/stm32f4xx_hal.o
 .debug_abbrev  0x00000c81      0x31d ./Drivers/STM32F4xx_HAL_Driver/Src/stm32f4xx_hal_cortex.o
 .debug_abbrev  0x00000f9e      0x221 ./Drivers/STM32F4xx_HAL_Driver/Src/stm32f4xx_hal_dma.o
 .debug_abbrev  0x000011bf      0x1d3 ./Drivers/STM32F4xx_HAL_Driver/Src/stm32f4xx_hal_gpio.o
 .debug_abbrev  0x00001392      0x2bc ./Drivers/STM32F4xx_HAL_Driver/Src/stm32f4xx_hal_i2c.o
 .debug_abbrev  0x0000164e      0x166 ./Drivers/STM32F4xx_HAL_Driver/Src/stm32f4xx_hal_i2c_ex.o
 .debug_abbrev  0x000017b4      0x2b6 ./Drivers/STM32F4xx_HAL_Driver/Src/stm32f4xx_hal_rcc.o

.debug_aranges  0x00000000      0x850
 .debug_aranges
                0x00000000       0x78 ./Core/Src/i2c_slave.o
 .debug_aranges
                0x00000078       0x60 ./Core/Src/keyboard.o
 .debug_aranges
                0x000000d8       0x38 ./Core/Src/main.o
 .debug_aranges
                0x00000110       0x30 ./Core/Src/stm32f4xx_hal_msp.o
 .debug_aranges
                0x00000140       0x60 ./Core/Src/stm32f4xx_it.o
 .debug_aranges
                0x000001a0       0x28 ./Core/Src/system_stm32f4xx.o
 .debug_aranges
                0x000001c8       0x28 ./Core/Startup/startup_stm32f411ceux.o
 .debug_aranges
                0x000001f0       0xf0 ./Drivers/STM32F4xx_HAL_Driver/Src/stm32f4xx_hal.o
 .debug_aranges
                0x000002e0      0x130 ./Drivers/STM32F4xx_HAL_Driver/Src/stm32f4xx_hal_cortex.o
 .debug_aranges
                0x00000410       0x90 ./Drivers/STM32F4xx_HAL_Driver/Src/stm32f4xx_hal_dma.o
 .debug_aranges
                0x000004a0       0x58 ./Drivers/STM32F4xx_HAL_Driver/Src/stm32f4xx_hal_gpio.o
 .debug_aranges
                0x000004f8      0x2a8 ./Drivers/STM32F4xx_HAL_Driver/Src/stm32f4xx_hal_i2c.o
 .debug_aranges
                0x000007a0       0x28 ./Drivers/STM32F4xx_HAL_Driver/Src/stm32f4xx_hal_i2c_ex.o
 .debug_aranges
                0x000007c8       0x88 ./Drivers/STM32F4xx_HAL_Driver/Src/stm32f4xx_hal_rcc.o

.debug_rnglists
                0x00000000      0x653
 .debug_rnglists
                0x00000000       0x56 ./Core/Src/i2c_slave.o
 .debug_rnglists
                0x00000056       0x47 ./Core/Src/keyboard.o
 .debug_rnglists
                0x0000009d       0x27 ./Core/Src/main.o
 .debug_rnglists
                0x000000c4       0x20 ./Core/Src/stm32f4xx_hal_msp.o
 .debug_rnglists
                0x000000e4       0x43 ./Core/Src/stm32f4xx_it.o
 .debug_rnglists
                0x00000127       0x1a ./Core/Src/system_stm32f4xx.o
 .debug_rnglists
                0x00000141       0x19 ./Core/Startup/startup_stm32f411ceux.o
 .debug_rnglists
                0x0000015a       0xaf ./Drivers/STM32F4xx_HAL_Driver/Src/stm32f4xx_hal.o
 .debug_rnglists
                0x00000209       0xe0 ./Drivers/STM32F4xx_HAL_Driver/Src/stm32f4xx_hal_cortex.o
 .debug_rnglists
                0x000002e9       0x70 ./Drivers/STM32F4xx_HAL_Driver/Src/stm32f4xx_hal_dma.o
 .debug_rnglists
                0x00000359       0x3f ./Drivers/STM32F4xx_HAL_Driver/Src/stm32f4xx_hal_gpio.o
 .debug_rnglists
                0x00000398      0x23c ./Drivers/STM32F4xx_HAL_Driver/Src/stm32f4xx_hal_i2c.o
 .debug_rnglists
                0x000005d4       0x19 ./Drivers/STM32F4xx_HAL_Driver/Src/stm32f4xx_hal_i2c_ex.o
 .debug_rnglists
                0x000005ed       0x66 ./Drivers/STM32F4xx_HAL_Driver/Src/stm32f4xx_hal_rcc.o

.debug_macro    0x00000000    0x15118
 .debug_macro   0x00000000      0x1e2 ./Core/Src/i2c_slave.o
 .debug_macro   0x000001e2      0xad8 ./Core/Src/i2c_slave.o
 .debug_macro   0x00000cba      0x295 ./Core/Src/i2c_slave.o
 .debug_macro   0x00000f4f       0x2e ./Core/Src/i2c_slave.o
 .debug_macro   0x00000f7d       0x28 ./Core/Src/i2c_slave.o
 .debug_macro   0x00000fa5       0x22 ./Core/Src/i2c_slave.o
 .debug_macro   0x00000fc7       0x8e ./Core/Src/i2c_slave.o
 .debug_macro   0x00001055       0x51 ./Core/Src/i2c_slave.o
 .debug_macro   0x000010a6      0x103 ./Core/Src/i2c_slave.o
 .debug_macro   0x000011a9       0x6a ./Core/Src/i2c_slave.o
 .debug_macro   0x00001213      0x1df ./Core/Src/i2c_slave.o
 .debug_macro   0x000013f2       0x1c ./Core/Src/i2c_slave.o
 .debug_macro   0x0000140e       0x22 ./Core/Src/i2c_slave.o
 .debug_macro   0x00001430       0xfb ./Core/Src/i2c_slave.o
 .debug_macro   0x0000152b     0x1011 ./Core/Src/i2c_slave.o
 .debug_macro   0x0000253c      0x11f ./Core/Src/i2c_slave.o
 .debug_macro   0x0000265b     0xb968 ./Core/Src/i2c_slave.o
 .debug_macro   0x0000dfc3       0x6d ./Core/Src/i2c_slave.o
 .debug_macro   0x0000e030     0x3693 ./Core/Src/i2c_slave.o
 .debug_macro   0x000116c3      0x190 ./Core/Src/i2c_slave.o
 .debug_macro   0x00011853       0x5c ./Core/Src/i2c_slave.o
 .debug_macro   0x000118af      0x45c ./Core/Src/i2c_slave.o
 .debug_macro   0x00011d0b      0x9e9 ./Core/Src/i2c_slave.o
 .debug_macro   0x000126f4      0x115 ./Core/Src/i2c_slave.o
 .debug_macro   0x00012809      0x11b ./Core/Src/i2c_slave.o
 .debug_macro   0x00012924       0xa5 ./Core/Src/i2c_slave.o
 .debug_macro   0x000129c9      0x15f ./Core/Src/i2c_slave.o
 .debug_macro   0x00012b28      0x287 ./Core/Src/i2c_slave.o
 .debug_macro   0x00012daf       0x5f ./Core/Src/i2c_slave.o
 .debug_macro   0x00012e0e      0x236 ./Core/Src/i2c_slave.o
 .debug_macro   0x00013044      0x132 ./Core/Src/i2c_slave.o
 .debug_macro   0x00013176      0x264 ./Core/Src/i2c_slave.o
 .debug_macro   0x000133da       0x2e ./Core/Src/i2c_slave.o
 .debug_macro   0x00013408      0x1b5 ./Core/Src/i2c_slave.o
 .debug_macro   0x000135bd       0x22 ./Core/Src/i2c_slave.o
 .debug_macro   0x000135df       0xd6 ./Core/Src/i2c_slave.o
 .debug_macro   0x000136b5      0x127 ./Core/Src/i2c_slave.o
 .debug_macro   0x000137dc       0x85 ./Core/Src/i2c_slave.o
 .debug_macro   0x00013861       0x89 ./Core/Src/i2c_slave.o
 .debug_macro   0x000138ea      0x126 ./Core/Src/i2c_slave.o
 .debug_macro   0x00013a10       0x10 ./Core/Src/i2c_slave.o
 .debug_macro   0x00013a20      0x22d ./Core/Src/keyboard.o
 .debug_macro   0x00013c4d      0x1e5 ./Core/Src/main.o
 .debug_macro   0x00013e32       0x10 ./Core/Src/main.o
 .debug_macro   0x00013e42      0x1d3 ./Core/Src/stm32f4xx_hal_msp.o
 .debug_macro   0x00014015      0x1dd ./Core/Src/stm32f4xx_it.o
 .debug_macro   0x000141f2      0x1c9 ./Core/Src/system_stm32f4xx.o
 .debug_macro   0x000143bb      0x229 ./Drivers/STM32F4xx_HAL_Driver/Src/stm32f4xx_hal.o
 .debug_macro   0x000145e4      0x1c9 ./Drivers/STM32F4xx_HAL_Driver/Src/stm32f4xx_hal_cortex.o
 .debug_macro   0x000147ad      0x1cf ./Drivers/STM32F4xx_HAL_Driver/Src/stm32f4xx_hal_dma.o
 .debug_macro   0x0001497c      0x1cf ./Drivers/STM32F4xx_HAL_Driver/Src/stm32f4xx_hal_gpio.o
 .debug_macro   0x00014b4b      0x217 ./Drivers/STM32F4xx_HAL_Driver/Src/stm32f4xx_hal_i2c.o
 .debug_macro   0x00014d62      0x1c9 ./Drivers/STM32F4xx_HAL_Driver/Src/stm32f4xx_hal_i2c_ex.o
 .debug_macro   0x00014f2b      0x1ed ./Drivers/STM32F4xx_HAL_Driver/Src/stm32f4xx_hal_rcc.o

.debug_line     0x00000000     0xab26
 .debug_line    0x00000000      0x815 ./Core/Src/i2c_slave.o
 .debug_line    0x00000815      0x91d ./Core/Src/keyboard.o
 .debug_line    0x00001132      0x750 ./Core/Src/main.o
 .debug_line    0x00001882      0x6c1 ./Core/Src/stm32f4xx_hal_msp.o
 .debug_line    0x00001f43      0x722 ./Core/Src/stm32f4xx_it.o
 .debug_line    0x00002665      0x6e9 ./Core/Src/system_stm32f4xx.o
 .debug_line    0x00002d4e       0x7a ./Core/Startup/startup_stm32f411ceux.o
 .debug_line    0x00002dc8      0x965 ./Drivers/STM32F4xx_HAL_Driver/Src/stm32f4xx_hal.o
 .debug_line    0x0000372d      0xc35 ./Drivers/STM32F4xx_HAL_Driver/Src/stm32f4xx_hal_cortex.o
 .debug_line    0x00004362      0xed1 ./Drivers/STM32F4xx_HAL_Driver/Src/stm32f4xx_hal_dma.o
 .debug_line    0x00005233      0xa81 ./Drivers/STM32F4xx_HAL_Driver/Src/stm32f4xx_hal_gpio.o
 .debug_line    0x00005cb4     0x3a12 ./Drivers/STM32F4xx_HAL_Driver/Src/stm32f4xx_hal_i2c.o
 .debug_line    0x000096c6      0x6ee ./Drivers/STM32F4xx_HAL_Driver/Src/stm32f4xx_hal_i2c_ex.o
 .debug_line    0x00009db4      0xd72 ./Drivers/STM32F4xx_HAL_Driver/Src/stm32f4xx_hal_rcc.o

.debug_str      0x00000000    0x8256c
 .debug_str     0x00000000    0x8256c ./Core/Src/i2c_slave.o
                              0x8086e (size before relaxing)
 .debug_str     0x0008256c    0x7ff6f ./Core/Src/keyboard.o
 .debug_str     0x0008256c    0x7ffe8 ./Core/Src/main.o
 .debug_str     0x0008256c    0x80205 ./Core/Src/stm32f4xx_hal_msp.o
 .debug_str     0x0008256c    0x7fbd6 ./Core/Src/stm32f4xx_it.o
 .debug_str     0x0008256c    0x7fd12 ./Core/Src/system_stm32f4xx.o
 .debug_str     0x0008256c       0x82 ./Core/Startup/startup_stm32f411ceux.o
 .debug_str     0x0008256c    0x8073e ./Drivers/STM32F4xx_HAL_Driver/Src/stm32f4xx_hal.o
 .debug_str     0x0008256c    0x804a8 ./Drivers/STM32F4xx_HAL_Driver/Src/stm32f4xx_hal_cortex.o
 .debug_str     0x0008256c    0x8011a ./Drivers/STM32F4xx_HAL_Driver/Src/stm32f4xx_hal_dma.o
 .debug_str     0x0008256c    0x7fe8d ./Drivers/STM32F4xx_HAL_Driver/Src/stm32f4xx_hal_gpio.o
 .debug_str     0x0008256c    0x80d23 ./Drivers/STM32F4xx_HAL_Driver/Src/stm32f4xx_hal_i2c.o
 .debug_str     0x0008256c    0x800e2 ./Drivers/STM32F4xx_HAL_Driver/Src/stm32f4xx_hal_i2c_ex.o
 .debug_str     0x0008256c    0x80146 ./Drivers/STM32F4xx_HAL_Driver/Src/stm32f4xx_hal_rcc.o

.comment        0x00000000       0x43
 .comment       0x00000000       0x43 ./Core/Src/i2c_slave.o
                                 0x44 (size before relaxing)
 .comment       0x00000043       0x44 ./Core/Src/keyboard.o
 .comment       0x00000043       0x44 ./Core/Src/main.o
 .comment       0x00000043       0x44 ./Core/Src/stm32f4xx_hal_msp.o
 .comment       0x00000043       0x44 ./Core/Src/stm32f4xx_it.o
 .comment       0x00000043       0x44 ./Core/Src/system_stm32f4xx.o
 .comment       0x00000043       0x44 ./Drivers/STM32F4xx_HAL_Driver/Src/stm32f4xx_hal.o
 .comment       0x00000043       0x44 ./Drivers/STM32F4xx_HAL_Driver/Src/stm32f4xx_hal_cortex.o
 .comment       0x00000043       0x44 ./Drivers/STM32F4xx_HAL_Driver/Src/stm32f4xx_hal_dma.o
 .comment       0x00000043       0x44 ./Drivers/STM32F4xx_HAL_Driver/Src/stm32f4xx_hal_gpio.o
 .comment       0x00000043       0x44 ./Drivers/STM32F4xx_HAL_Driver/Src/stm32f4xx_hal_i2c.o
 .comment       0x00000043       0x44 ./Drivers/STM32F4xx_HAL_Driver/Src/stm32f4xx_hal_i2c_ex.o
 .comment       0x00000043       0x44 ./Drivers/STM32F4xx_HAL_Driver/Src/stm32f4xx_hal_rcc.o

.debug_frame    0x00000000     0x210c
 .debug_frame   0x00000000      0x1a4 ./Core/Src/i2c_slave.o
 .debug_frame   0x000001a4      0x160 ./Core/Src/keyboard.o
 .debug_frame   0x00000304       0x90 ./Core/Src/main.o
 .debug_frame   0x00000394       0x80 ./Core/Src/stm32f4xx_hal_msp.o
 .debug_frame   0x00000414      0x104 ./Core/Src/stm32f4xx_it.o
 .debug_frame   0x00000518       0x58 ./Core/Src/system_stm32f4xx.o
 .debug_frame   0x00000570      0x374 ./Drivers/STM32F4xx_HAL_Driver/Src/stm32f4xx_hal.o
 .debug_frame   0x000008e4      0x508 ./Drivers/STM32F4xx_HAL_Driver/Src/stm32f4xx_hal_cortex.o
 .debug_frame   0x00000dec      0x250 ./Drivers/STM32F4xx_HAL_Driver/Src/stm32f4xx_hal_dma.o
 .debug_frame   0x0000103c      0x14c ./Drivers/STM32F4xx_HAL_Driver/Src/stm32f4xx_hal_gpio.o
 .debug_frame   0x00001188      0xc84 ./Drivers/STM32F4xx_HAL_Driver/Src/stm32f4xx_hal_i2c.o
 .debug_frame   0x00001e0c       0x60 ./Drivers/STM32F4xx_HAL_Driver/Src/stm32f4xx_hal_i2c_ex.o
 .debug_frame   0x00001e6c      0x1f4 ./Drivers/STM32F4xx_HAL_Driver/Src/stm32f4xx_hal_rcc.o
 .debug_frame   0x00002060       0x20 /opt/st/stm32cubeide_1.19.0/plugins/com.st.stm32cube.ide.mcu.externaltools.gnu-tools-for-stm32.13.3.rel1.linux64_1.0.0.202410170706/tools/bin/../lib/gcc/arm-none-eabi/13.3.1/../../../../arm-none-eabi/lib/thumb/v7e-m+fp/hard/libc_nano.a(libc_a-memset.o)
 .debug_frame   0x00002080       0x2c /opt/st/stm32cubeide_1.19.0/plugins/com.st.stm32cube.ide.mcu.externaltools.gnu-tools-for-stm32.13.3.rel1.linux64_1.0.0.202410170706/tools/bin/../lib/gcc/arm-none-eabi/13.3.1/../../../../arm-none-eabi/lib/thumb/v7e-m+fp/hard/libc_nano.a(libc_a-init.o)
 .debug_frame   0x000020ac       0x2c /opt/st/stm32cubeide_1.19.0/plugins/com.st.stm32cube.ide.mcu.externaltools.gnu-tools-for-stm32.13.3.rel1.linux64_1.0.0.202410170706/tools/bin/../lib/gcc/arm-none-eabi/13.3.1/thumb/v7e-m+fp/hard/libgcc.a(_aeabi_uldivmod.o)
 .debug_frame   0x000020d8       0x34 /opt/st/stm32cubeide_1.19.0/plugins/com.st.stm32cube.ide.mcu.externaltools.gnu-tools-for-stm32.13.3.rel1.linux64_1.0.0.202410170706/tools/bin/../lib/gcc/arm-none-eabi/13.3.1/thumb/v7e-m+fp/hard/libgcc.a(_udivmoddi4.o)

.debug_line_str
                0x00000000       0x66
 .debug_line_str
                0x00000000       0x66 ./Core/Startup/startup_stm32f411ceux.o
